ARM Linker, RVCT4.0 [Build 524] for uVision [Lite64]

==============================================================================

Section Cross References

    startup.o(STACK) refers (Special) to heapauxi.o(.text) for __use_two_region_memory
    startup.o(HEAP) refers (Special) to heapauxi.o(.text) for __use_two_region_memory
    startup.o(RESET) refers (Special) to heapauxi.o(.text) for __use_two_region_memory
    startup.o(RESET) refers to startup.o(STACK) for Stack_Top
    startup.o(RESET) refers to __main.o(!!!main) for __main
    startup.o(.text) refers (Special) to heapauxi.o(.text) for __use_two_region_memory
    startup.o(.text) refers to startup.o(HEAP) for Heap_Mem
    startup.o(.text) refers to startup.o(STACK) for Stack_Mem
    global.o(.text) refers to global.o(.data) for GlobalFlags
    timer.o(.text) refers to global.o(.text) for CHECKFLAG
    timer.o(.text) refers to meter.o(.text) for SendACKToMeter
    timer.o(.text) refers to irq.o(.text) for install_irq
    timer.o(.text) refers to timer.o(.data) for MS_TIMER
    timer.o(.text) refers to app.o(.data) for Status
    timer.o(.text) refers to global.o(.data) for PowerTimeoutTimer
    timer.o(.text) refers to uart.o(.bss) for UART1Buffer
    timer.o(.text) refers to uart.o(.data) for Uart1BufferIndex
    uart.o(.text) refers to global.o(.text) for CHECKFLAG
    uart.o(.text) refers to aeabi_sdiv.o(.text_udiv) for __aeabi_uidivmod
    uart.o(.text) refers to irq.o(.text) for install_irq
    uart.o(.text) refers to uart.o(.bss) for UART0Buffer
    uart.o(.text) refers to uart.o(.data) for Uart0BufferIndex
    uart.o(.text) refers to timer.o(.data) for MS_TIMER
    uart.o(.text) refers to global.o(.data) for SerialTimeoutTimer
    dataflash.o(.text) refers to spi.o(.text) for SPISend
    dataflash.o(.text) refers to dataflash.o(.data) for GBLDataflashType
    dataflash.o(.text) refers to dataflash.o(.bss) for DF2Buffer
    lcd.o(.text) refers to timer.o(.text) for Delay
    lcd.o(.text) refers to global.o(.text) for SETFLAG
    lcd.o(.text) refers to strlen.o(.text) for strlen
    lcd.o(.text) refers to strncpy.o(.text) for strncpy
    lcd.o(.text) refers to timer.o(.data) for MS_TIMER
    lcd.o(.text) refers to global.o(.data) for BacklitTimeoutTimer
    lcd.o(.text) refers to lcd.o(.constdata) for RIGHT_ARROW
    keypad.o(.text) refers to global.o(.text) for SETFLAG
    keypad.o(.text) refers to strlen.o(.text) for strlen
    keypad.o(.text) refers to lcd.o(.text) for LCD_Clear
    keypad.o(.text) refers to miscfunctions.o(.text) for DisplayPartialMessage
    keypad.o(.text) refers to timer.o(.text) for Delay
    keypad.o(.text) refers to keypad.o(.data) for .data
    keypad.o(.text) refers to keypad.o(.constdata) for KP_KeyMatrix
    keypad.o(.text) refers to timer.o(.data) for MS_TIMER
    keypad.o(.text) refers to global.o(.data) for BacklitTimeoutTimer
    keypad.o(.text) refers to miscfunctions.o(.bss) for TempBuffer
    keypad.o(.text) refers to meter.o(.text) for SendCommandToMeter
    keypad.o(.text) refers to dataflash.o(.text) for DF_ReadBytesFromPage
    extint.o(.text) refers to global.o(.text) for CHECKFLAG
    extint.o(.text) refers to irq.o(.text) for install_irq
    extint.o(.text) refers to extint.o(.data) for eint1_byte_counter
    extint.o(.text) refers to extint.o(.bss) for eint1_buffer
    wdt.o(.text) refers to irq.o(.text) for install_irq
    wdt.o(.text) refers to wdt.o(.data) for wdt_counter
    cardreader.o(.text) refers to global.o(.text) for CHECKFLAG
    cardreader.o(.text) refers to miscfunctions.o(.text) for GetCreditCardAmount
    cardreader.o(.text) refers to lcd.o(.text) for LCD_Clear
    cardreader.o(.text) refers to timer.o(.text) for Delay
    cardreader.o(.text) refers to timer.o(.data) for MS_TIMER
    cardreader.o(.text) refers to cardreader.o(.data) for .data
    cardreader.o(.text) refers to extint.o(.bss) for eint1_buffer
    cardreader.o(.text) refers to extint.o(.data) for eint1_byte_counter
    miscfunctions.o(.text) refers to dataflash.o(.text) for DF_ReadBytesFromPage
    miscfunctions.o(.text) refers to lcd.o(.text) for LCD_Clear
    miscfunctions.o(.text) refers to strlen.o(.text) for strlen
    miscfunctions.o(.text) refers to keypad.o(.text) for Keypad_GetKey
    miscfunctions.o(.text) refers to global.o(.text) for CHECKFLAG
    miscfunctions.o(.text) refers to global.o(.data) for SMSLocation
    miscfunctions.o(.text) refers to miscfunctions.o(.bss) for TempBuffer
    miscfunctions.o(.text) refers to uart.o(.text) for UART1Send
    miscfunctions.o(.text) refers to timer.o(.text) for Delay
    miscfunctions.o(.text) refers to meter.o(.text) for ParseCommandForMeter
    miscfunctions.o(.text) refers to strcpy.o(.text) for strcpy
    miscfunctions.o(.text) refers to miscfunctions.o(.data) for .data
    miscfunctions.o(.text) refers to global.o(.bss) for MeterAddkeysStr
    miscfunctions.o(.text) refers to timer.o(.data) for MS_TIMER
    miscfunctions.o(.text) refers to uart.o(.bss) for UART1Buffer
    miscfunctions.o(.text) refers to strcmp.o(.text) for strcmp
    miscfunctions.o(.text) refers to wdt.o(.text) for WDTInit
    miscfunctions.o(.text) refers to app.o(.data) for LastStatus
    miscfunctions.o(.text) refers to uart.o(.data) for Uart0BufferIndex
    miscfunctions.o(.text) refers to aeabi_sdiv.o(.text) for __aeabi_idivmod
    miscfunctions.o(.text) refers to aeabi_sdiv.o(.text_udiv) for __aeabi_uidivmod
    miscfunctions.o(.text) refers to global.o(.constdata) for SendSTX
    app.o(.text) refers to irq.o(.text) for init_VIC
    app.o(.text) refers to global.o(.text) for RESETFLAG
    app.o(.text) refers to timer.o(.text) for init_timer0
    app.o(.text) refers to lcd.o(.text) for LCD_Init
    app.o(.text) refers to keypad.o(.text) for Keypad_Init
    app.o(.text) refers to extint.o(.text) for EINTInit
    app.o(.text) refers to spi.o(.text) for SPIInit
    app.o(.text) refers to dataflash.o(.text) for DF_DisableBlkProt
    app.o(.text) refers to uart.o(.text) for UART0Init
    app.o(.text) refers to miscfunctions.o(.text) for CopyToAckBuffer
    app.o(.text) refers to cardreader.o(.text) for Process_Card
    app.o(.text) refers to meter.o(.text) for SendACKToMeter
    app.o(.text) refers to timer.o(.data) for MS_TIMER
    app.o(.text) refers to global.o(.data) for KerbDuty
    app.o(.text) refers to app.o(.data) for LastStatus
    meter.o(.text) refers to uart.o(.text) for UART1Send
    meter.o(.text) refers to global.o(.text) for CHECKFLAG
    meter.o(.text) refers to dataflash.o(.text) for DF_ErasePage
    meter.o(.text) refers to strcmp.o(.text) for strcmp
    meter.o(.text) refers to miscfunctions.o(.text) for DisplayWelcomeScreen
    meter.o(.text) refers to meter.o(.data) for MeterCommand
    meter.o(.text) refers to timer.o(.data) for MS_TIMER
    meter.o(.text) refers to global.o(.data) for AckWaitTimer
    strncpy.o(.text) refers to rt_memclr.o(.text) for __aeabi_memclr
    aeabi_sdiv.o(.text_udiv) refers to aeabi_sdiv.o(.text) for __arm_div4
    aeabi_sdiv_div0.o(.text_udiv) refers to aeabi_sdiv_div0.o(.text) for __arm_div4
    __main.o(!!!main) refers to rtentry.o(.ARM.Collect$$rtentry$$00000000) for __rt_entry
    rtentry.o(.ARM.Collect$$rtentry$$00000000) refers (Special) to rtentry2.o(.ARM.Collect$$rtentry$$0000000A) for __rt_entry_li
    rtentry.o(.ARM.Collect$$rtentry$$00000000) refers (Special) to rtentry2.o(.ARM.Collect$$rtentry$$0000000D) for __rt_entry_main
    rtentry.o(.ARM.Collect$$rtentry$$00000000) refers (Special) to rtentry2.o(.ARM.Collect$$rtentry$$0000000C) for __rt_entry_postli_1
    rtentry.o(.ARM.Collect$$rtentry$$00000000) refers (Special) to rtentry2.o(.ARM.Collect$$rtentry$$00000009) for __rt_entry_postsh_1
    rtentry.o(.ARM.Collect$$rtentry$$00000000) refers (Special) to rtentry2.o(.ARM.Collect$$rtentry$$00000002) for __rt_entry_presh_1
    rtentry.o(.ARM.Collect$$rtentry$$00000000) refers (Special) to rtentry4.o(.ARM.Collect$$rtentry$$00000004) for __rt_entry_sh
    rtentry.o(.ARM.exidx) refers (Special) to rtentry2.o(.ARM.Collect$$rtentry$$0000000A) for __rt_entry_li
    rtentry.o(.ARM.exidx) refers (Special) to rtentry2.o(.ARM.Collect$$rtentry$$0000000D) for __rt_entry_main
    rtentry.o(.ARM.exidx) refers (Special) to rtentry2.o(.ARM.Collect$$rtentry$$0000000C) for __rt_entry_postli_1
    rtentry.o(.ARM.exidx) refers (Special) to rtentry2.o(.ARM.Collect$$rtentry$$00000009) for __rt_entry_postsh_1
    rtentry.o(.ARM.exidx) refers (Special) to rtentry2.o(.ARM.Collect$$rtentry$$00000002) for __rt_entry_presh_1
    rtentry.o(.ARM.exidx) refers (Special) to rtentry4.o(.ARM.Collect$$rtentry$$00000004) for __rt_entry_sh
    rtentry.o(.ARM.exidx) refers to rtentry.o(.ARM.Collect$$rtentry$$00000000) for .ARM.Collect$$rtentry$$00000000
    aeabi_idiv0_sigfpe.o(.text) refers to rt_div0.o(.text) for __rt_div0
    rt_memclr.o(.text) refers to rt_memclr_w.o(.text) for _memset_w
    rtentry2.o(.ARM.Collect$$rtentry$$00000008) refers to boardinit2.o(.text) for _platform_post_stackheap_init
    rtentry2.o(.ARM.Collect$$rtentry$$0000000A) refers to libinit.o(.ARM.Collect$$libinit$$00000000) for __rt_lib_init
    rtentry2.o(.ARM.Collect$$rtentry$$0000000B) refers to boardinit3.o(.text) for _platform_post_lib_init
    rtentry2.o(.ARM.Collect$$rtentry$$0000000D) refers to exit.o(.text) for exit
    rtentry2.o(.ARM.Collect$$rtentry$$0000000D) refers to app.o(.text) for main
    rtentry2.o(.ARM.exidx) refers to rtentry2.o(.ARM.Collect$$rtentry$$00000001) for .ARM.Collect$$rtentry$$00000001
    rtentry2.o(.ARM.exidx) refers to rtentry2.o(.ARM.Collect$$rtentry$$00000002) for .ARM.Collect$$rtentry$$00000002
    rtentry2.o(.ARM.exidx) refers to rtentry2.o(.ARM.Collect$$rtentry$$00000008) for .ARM.Collect$$rtentry$$00000008
    rtentry2.o(.ARM.exidx) refers to rtentry2.o(.ARM.Collect$$rtentry$$00000009) for .ARM.Collect$$rtentry$$00000009
    rtentry2.o(.ARM.exidx) refers to rtentry2.o(.ARM.Collect$$rtentry$$0000000A) for .ARM.Collect$$rtentry$$0000000A
    rtentry2.o(.ARM.exidx) refers to rtentry2.o(.ARM.Collect$$rtentry$$0000000B) for .ARM.Collect$$rtentry$$0000000B
    rtentry2.o(.ARM.exidx) refers to rtentry2.o(.ARM.Collect$$rtentry$$0000000C) for .ARM.Collect$$rtentry$$0000000C
    rtentry2.o(.ARM.exidx) refers to rtentry2.o(.ARM.Collect$$rtentry$$0000000D) for .ARM.Collect$$rtentry$$0000000D
    rtentry4.o(.ARM.Collect$$rtentry$$00000004) refers to sys_stackheap_outer.o(.text) for __user_setup_stackheap
    rtentry4.o(.ARM.exidx) refers to rtentry4.o(.ARM.Collect$$rtentry$$00000004) for .ARM.Collect$$rtentry$$00000004
    rt_div0.o(.text) refers to defsig_fpe_outer.o(.text) for __rt_SIGFPE
    sys_stackheap_outer.o(.text) refers to libspace.o(.text) for __user_perproc_libspace
    sys_stackheap_outer.o(.text) refers to startup.o(.text) for __user_initial_stackheap
    exit.o(.text) refers to rtexit.o(.ARM.Collect$$rtexit$$00000000) for __rt_exit
    defsig_fpe_outer.o(.text) refers to defsig_fpe_inner.o(.text) for __rt_SIGFPE_inner
    defsig_fpe_outer.o(.text) refers to defsig_exit.o(.text) for __sig_exit
    defsig_fpe_formal.o(.text) refers to rt_raise.o(.text) for __rt_raise
    libinit.o(.ARM.Collect$$libinit$$00000000) refers (Special) to libinit2.o(.ARM.Collect$$libinit$$0000002A) for __rt_lib_init_alloca_1
    libinit.o(.ARM.Collect$$libinit$$00000000) refers (Special) to libinit2.o(.ARM.Collect$$libinit$$00000028) for __rt_lib_init_argv_1
    libinit.o(.ARM.Collect$$libinit$$00000000) refers (Special) to libinit2.o(.ARM.Collect$$libinit$$00000017) for __rt_lib_init_atexit_1
    libinit.o(.ARM.Collect$$libinit$$00000000) refers (Special) to libinit2.o(.ARM.Collect$$libinit$$0000001D) for __rt_lib_init_clock_1
    libinit.o(.ARM.Collect$$libinit$$00000000) refers (Special) to libinit2.o(.ARM.Collect$$libinit$$0000002E) for __rt_lib_init_cpp_1
    libinit.o(.ARM.Collect$$libinit$$00000000) refers (Special) to libinit2.o(.ARM.Collect$$libinit$$0000002C) for __rt_lib_init_exceptions_1
    libinit.o(.ARM.Collect$$libinit$$00000000) refers (Special) to libinit2.o(.ARM.Collect$$libinit$$0000001B) for __rt_lib_init_fp_trap_1
    libinit.o(.ARM.Collect$$libinit$$00000000) refers (Special) to libinit2.o(.ARM.Collect$$libinit$$0000001F) for __rt_lib_init_getenv_1
    libinit.o(.ARM.Collect$$libinit$$00000000) refers (Special) to libinit2.o(.ARM.Collect$$libinit$$00000006) for __rt_lib_init_heap_1
    libinit.o(.ARM.Collect$$libinit$$00000000) refers (Special) to libinit2.o(.ARM.Collect$$libinit$$0000000D) for __rt_lib_init_lc_collate_1
    libinit.o(.ARM.Collect$$libinit$$00000000) refers (Special) to libinit2.o(.ARM.Collect$$libinit$$0000000F) for __rt_lib_init_lc_ctype_1
    libinit.o(.ARM.Collect$$libinit$$00000000) refers (Special) to libinit2.o(.ARM.Collect$$libinit$$00000011) for __rt_lib_init_lc_monetary_1
    libinit.o(.ARM.Collect$$libinit$$00000000) refers (Special) to libinit2.o(.ARM.Collect$$libinit$$00000013) for __rt_lib_init_lc_numeric_1
    libinit.o(.ARM.Collect$$libinit$$00000000) refers (Special) to libinit2.o(.ARM.Collect$$libinit$$00000015) for __rt_lib_init_lc_time_1
    libinit.o(.ARM.Collect$$libinit$$00000000) refers (Special) to libinit2.o(.ARM.Collect$$libinit$$0000000A) for __rt_lib_init_rand_1
    libinit.o(.ARM.Collect$$libinit$$00000000) refers (Special) to libinit2.o(.ARM.Collect$$libinit$$0000002F) for __rt_lib_init_return
    libinit.o(.ARM.Collect$$libinit$$00000000) refers (Special) to libinit2.o(.ARM.Collect$$libinit$$00000019) for __rt_lib_init_signal_1
    libinit.o(.ARM.Collect$$libinit$$00000000) refers (Special) to libinit2.o(.ARM.Collect$$libinit$$00000021) for __rt_lib_init_stdio_1
    libinit.o(.ARM.Collect$$libinit$$00000000) refers (Special) to libinit2.o(.ARM.Collect$$libinit$$00000008) for __rt_lib_init_user_alloc_1
    libinit.o(.ARM.Collect$$libinit$$00000000) refers to fpinit.o(x$fpl$fpinit) for _fp_init
    libspace.o(.text) refers to libspace.o(.bss) for __libspace_start
    rtexit.o(.ARM.Collect$$rtexit$$00000000) refers (Special) to rtexit2.o(.ARM.Collect$$rtexit$$00000004) for __rt_exit_exit
    rtexit.o(.ARM.Collect$$rtexit$$00000000) refers (Special) to rtexit2.o(.ARM.Collect$$rtexit$$00000003) for __rt_exit_ls
    rtexit.o(.ARM.Collect$$rtexit$$00000000) refers (Special) to rtexit2.o(.ARM.Collect$$rtexit$$00000002) for __rt_exit_prels_1
    rtexit.o(.ARM.exidx) refers (Special) to rtexit2.o(.ARM.Collect$$rtexit$$00000004) for __rt_exit_exit
    rtexit.o(.ARM.exidx) refers (Special) to rtexit2.o(.ARM.Collect$$rtexit$$00000003) for __rt_exit_ls
    rtexit.o(.ARM.exidx) refers (Special) to rtexit2.o(.ARM.Collect$$rtexit$$00000002) for __rt_exit_prels_1
    rtexit.o(.ARM.exidx) refers to rtexit.o(.ARM.Collect$$rtexit$$00000000) for .ARM.Collect$$rtexit$$00000000
    rt_raise.o(.text) refers to __raise.o(.text) for __raise
    rt_raise.o(.text) refers to sys_exit.o(.text) for _sys_exit
    defsig_exit.o(.text) refers to sys_exit.o(.text) for _sys_exit
    defsig_fpe_inner.o(.text) refers to defsig_general.o(.text) for __default_signal_display
    libinit2.o(.ARM.Collect$$libinit$$0000000C) refers to libinit2.o(.ARM.Collect$$libinit$$0000000B) for .ARM.Collect$$libinit$$0000000B
    libinit2.o(.ARM.Collect$$libinit$$0000000E) refers to libinit2.o(.ARM.Collect$$libinit$$0000000B) for .ARM.Collect$$libinit$$0000000B
    libinit2.o(.ARM.Collect$$libinit$$00000010) refers to libinit2.o(.ARM.Collect$$libinit$$0000000B) for .ARM.Collect$$libinit$$0000000B
    libinit2.o(.ARM.Collect$$libinit$$00000012) refers to libinit2.o(.ARM.Collect$$libinit$$0000000B) for .ARM.Collect$$libinit$$0000000B
    libinit2.o(.ARM.Collect$$libinit$$00000014) refers to libinit2.o(.ARM.Collect$$libinit$$0000000B) for .ARM.Collect$$libinit$$0000000B
    libinit2.o(.ARM.Collect$$libinit$$00000022) refers to argv_veneer.o(.emb_text) for __ARM_argv_veneer
    libinit2.o(.ARM.Collect$$libinit$$00000023) refers to argv_veneer.o(.emb_text) for __ARM_argv_veneer
    sys_exit.o(.text) refers to use_no_semi.o(.text) for __I$use$semihosting
    rtexit2.o(.ARM.Collect$$rtexit$$00000003) refers to libshutdown.o(.ARM.Collect$$libshutdown$$00000000) for __rt_lib_shutdown
    rtexit2.o(.ARM.Collect$$rtexit$$00000004) refers to sys_exit.o(.text) for _sys_exit
    rtexit2.o(.ARM.exidx) refers to rtexit2.o(.ARM.Collect$$rtexit$$00000001) for .ARM.Collect$$rtexit$$00000001
    rtexit2.o(.ARM.exidx) refers to rtexit2.o(.ARM.Collect$$rtexit$$00000002) for .ARM.Collect$$rtexit$$00000002
    rtexit2.o(.ARM.exidx) refers to rtexit2.o(.ARM.Collect$$rtexit$$00000003) for .ARM.Collect$$rtexit$$00000003
    rtexit2.o(.ARM.exidx) refers to rtexit2.o(.ARM.Collect$$rtexit$$00000004) for .ARM.Collect$$rtexit$$00000004
    __raise.o(.text) refers to defsig.o(CL$$defsig) for __default_signal_handler
    __raise.o(.text) refers to __raise.o(i.__ARM_common_call_via_r2) for __ARM_common_call_via_r2
    defsig_general.o(.text) refers to sys_wrch.o(.text) for _ttywrch
    argv_veneer.o(.emb_text) refers to no_argv.o(.text) for __ARM_get_argv
    sys_wrch.o(.text) refers (Special) to use_no_semi.o(.text) for __I$use$semihosting
    defsig.o(CL$$defsig) refers to defsig_fpe_inner.o(.text) for __rt_SIGFPE_inner
    defsig.o(CL$$defsig) refers to defsig_rtmem_inner.o(.text) for __rt_SIGRTMEM_inner
    _get_argv_nomalloc.o(.text) refers (Special) to hrguard.o(.text) for __heap_region$guard
    _get_argv_nomalloc.o(.text) refers to defsig_rtmem_outer.o(.text) for __rt_SIGRTMEM
    _get_argv_nomalloc.o(.text) refers to sys_command.o(.text) for _sys_command_string
    libshutdown.o(.ARM.Collect$$libshutdown$$00000000) refers (Special) to libshutdown2.o(.ARM.Collect$$libshutdown$$00000006) for __rt_lib_shutdown_fp_trap_1
    libshutdown.o(.ARM.Collect$$libshutdown$$00000000) refers (Special) to libshutdown2.o(.ARM.Collect$$libshutdown$$0000000E) for __rt_lib_shutdown_heap_1
    libshutdown.o(.ARM.Collect$$libshutdown$$00000000) refers (Special) to libshutdown2.o(.ARM.Collect$$libshutdown$$0000000F) for __rt_lib_shutdown_return
    libshutdown.o(.ARM.Collect$$libshutdown$$00000000) refers (Special) to libshutdown2.o(.ARM.Collect$$libshutdown$$00000009) for __rt_lib_shutdown_signal_1
    libshutdown.o(.ARM.Collect$$libshutdown$$00000000) refers (Special) to libshutdown2.o(.ARM.Collect$$libshutdown$$00000003) for __rt_lib_shutdown_stdio_1
    libshutdown.o(.ARM.Collect$$libshutdown$$00000000) refers (Special) to libshutdown2.o(.ARM.Collect$$libshutdown$$0000000B) for __rt_lib_shutdown_user_alloc_1
    sys_command.o(.text) refers (Special) to use_no_semi.o(.text) for __I$use$semihosting
    defsig_abrt_inner.o(.text) refers to defsig_general.o(.text) for __default_signal_display
    defsig_rtred_inner.o(.text) refers to defsig_general.o(.text) for __default_signal_display
    defsig_rtmem_inner.o(.text) refers to defsig_general.o(.text) for __default_signal_display
    defsig_rtmem_outer.o(.text) refers to defsig_rtmem_inner.o(.text) for __rt_SIGRTMEM_inner
    defsig_rtmem_outer.o(.text) refers to defsig_exit.o(.text) for __sig_exit
    defsig_rtmem_formal.o(.text) refers to rt_raise.o(.text) for __rt_raise
    defsig_stak_inner.o(.text) refers to defsig_general.o(.text) for __default_signal_display
    defsig_pvfn_inner.o(.text) refers to defsig_general.o(.text) for __default_signal_display
    defsig_cppl_inner.o(.text) refers to defsig_general.o(.text) for __default_signal_display
    defsig_segv_inner.o(.text) refers to defsig_general.o(.text) for __default_signal_display
    defsig_other.o(.text) refers to defsig_general.o(.text) for __default_signal_display


==============================================================================

Adding Veneers to the image

    Adding AT veneer (8 bytes, Inline) for call to '__rt_lib_init' from rtentry2.o(.ARM.Collect$$rtentry$$0000000A).
    Adding AT veneer (8 bytes, Inline) for call to '__rt_lib_shutdown' from rtexit2.o(.ARM.Collect$$rtexit$$00000003).
    Adding TA veneer (4 bytes, Inline) for call to '__rt_exit' from exit.o(.text).
    Adding AT veneer (8 bytes, Inline) for call to 'strcpy' from miscfunctions.o(.text).
    Adding AT veneer (8 bytes, Inline) for call to 'strlen' from lcd.o(.text).
    Adding TA veneer (4 bytes, Inline) for call to '_fp_init' from libinit.o(.ARM.Collect$$libinit$$00000000).

6 Veneer(s) (total 40 bytes) added to the image.

==============================================================================

Image Symbol Table

    Local Symbols

    Symbol Name                              Value     Ov Type        Size  Object(Section)

    ../../angel/boardlib.s                   0x00000000   Number         0  boardinit1.o ABSOLUTE
    ../../angel/boardlib.s                   0x00000000   Number         0  boardinit3.o ABSOLUTE
    ../../angel/boardlib.s                   0x00000000   Number         0  boardinit2.o ABSOLUTE
    ../../angel/boardlib.s                   0x00000000   Number         0  boardshut.o ABSOLUTE
    ../../angel/handlers.s                   0x00000000   Number         0  __scatter_copy.o ABSOLUTE
    ../../angel/handlers.s                   0x00000000   Number         0  __scatter_zi.o ABSOLUTE
    ../../angel/kernel.s                     0x00000000   Number         0  rtexit.o ABSOLUTE
    ../../angel/kernel.s                     0x00000000   Number         0  rtexit2.o ABSOLUTE
    ../../angel/kernel.s                     0x00000000   Number         0  rtentry.o ABSOLUTE
    ../../angel/kernel.s                     0x00000000   Number         0  rtentry2.o ABSOLUTE
    ../../angel/kernel.s                     0x00000000   Number         0  rtentry4.o ABSOLUTE
    ../../angel/rt.s                         0x00000000   Number         0  rt_raise.o ABSOLUTE
    ../../angel/rt.s                         0x00000000   Number         0  aeabi_idiv0.o ABSOLUTE
    ../../angel/rt.s                         0x00000000   Number         0  aeabi_idiv0_sigfpe.o ABSOLUTE
    ../../angel/rt.s                         0x00000000   Number         0  rt_div0.o ABSOLUTE
    ../../angel/scatter.s                    0x00000000   Number         0  __scatter.o ABSOLUTE
    ../../angel/startup.s                    0x00000000   Number         0  __main.o ABSOLUTE
    ../../angel/sys.s                        0x00000000   Number         0  sys_exit.o ABSOLUTE
    ../../angel/sys.s                        0x00000000   Number         0  libspace.o ABSOLUTE
    ../../angel/sys.s                        0x00000000   Number         0  use_no_semi.o ABSOLUTE
    ../../angel/sys.s                        0x00000000   Number         0  sys_stackheap_outer.o ABSOLUTE
    ../../angel/sysapp.c                     0x00000000   Number         0  sys_command.o ABSOLUTE
    ../../angel/sysapp.c                     0x00000000   Number         0  sys_wrch.o ABSOLUTE
    ../../armsys.c                           0x00000000   Number         0  no_argv.o ABSOLUTE
    ../../armsys.c                           0x00000000   Number         0  _get_argv_nomalloc.o ABSOLUTE
    ../../armsys.c                           0x00000000   Number         0  argv_veneer.o ABSOLUTE
    ../../armsys.c                           0x00000000   Number         0  argv_veneer.o ABSOLUTE
    ../../division.s                         0x00000000   Number         0  aeabi_sdiv_div0.o ABSOLUTE
    ../../division.s                         0x00000000   Number         0  aeabi_sdiv.o ABSOLUTE
    ../../divrt.s                            0x00000000   Number         0  divrt_7tdmi.o ABSOLUTE
    ../../divrt.s                            0x00000000   Number         0  divrt_7tdmi_div0.o ABSOLUTE
    ../../fpinit.s                           0x00000000   Number         0  fpinit.o ABSOLUTE
    ../../heapalloc.c                        0x00000000   Number         0  hrguard.o ABSOLUTE
    ../../heapaux.c                          0x00000000   Number         0  heapauxi.o ABSOLUTE
    ../../libinit.s                          0x00000000   Number         0  libinit.o ABSOLUTE
    ../../libinit.s                          0x00000000   Number         0  libshutdown2.o ABSOLUTE
    ../../libinit.s                          0x00000000   Number         0  libshutdown.o ABSOLUTE
    ../../libinit.s                          0x00000000   Number         0  libinit2.o ABSOLUTE
    ../../memcpset.s                         0x00000000   Number         0  strncpy.o ABSOLUTE
    ../../memcpset.s                         0x00000000   Number         0  strcmp.o ABSOLUTE
    ../../memcpset.s                         0x00000000   Number         0  rt_memclr.o ABSOLUTE
    ../../memcpset.s                         0x00000000   Number         0  rt_memclr_w.o ABSOLUTE
    ../../signal.c                           0x00000000   Number         0  defsig_stak_inner.o ABSOLUTE
    ../../signal.c                           0x00000000   Number         0  defsig_rtmem_formal.o ABSOLUTE
    ../../signal.c                           0x00000000   Number         0  defsig_rtmem_outer.o ABSOLUTE
    ../../signal.c                           0x00000000   Number         0  defsig_rtmem_inner.o ABSOLUTE
    ../../signal.c                           0x00000000   Number         0  defsig_rtred_inner.o ABSOLUTE
    ../../signal.c                           0x00000000   Number         0  defsig_abrt_inner.o ABSOLUTE
    ../../signal.c                           0x00000000   Number         0  defsig_exit.o ABSOLUTE
    ../../signal.c                           0x00000000   Number         0  defsig_fpe_formal.o ABSOLUTE
    ../../signal.c                           0x00000000   Number         0  defsig_fpe_outer.o ABSOLUTE
    ../../signal.c                           0x00000000   Number         0  defsig_general.o ABSOLUTE
    ../../signal.c                           0x00000000   Number         0  __raise.o ABSOLUTE
    ../../signal.c                           0x00000000   Number         0  defsig_fpe_inner.o ABSOLUTE
    ../../signal.c                           0x00000000   Number         0  defsig_other.o ABSOLUTE
    ../../signal.c                           0x00000000   Number         0  defsig_segv_inner.o ABSOLUTE
    ../../signal.c                           0x00000000   Number         0  defsig_cppl_inner.o ABSOLUTE
    ../../signal.c                           0x00000000   Number         0  defsig_pvfn_inner.o ABSOLUTE
    ../../signal.s                           0x00000000   Number         0  defsig.o ABSOLUTE
    ../../stdlib.c                           0x00000000   Number         0  exit.o ABSOLUTE
    ../../string.c                           0x00000000   Number         0  strlen.o ABSOLUTE
    ../../string.c                           0x00000000   Number         0  strcpy.o ABSOLUTE
    Meter.c                                  0x00000000   Number         0  meter.o ABSOLUTE
    MiscFunctions.c                          0x00000000   Number         0  miscfunctions.o ABSOLUTE
    Startup.s                                0x00000000   Number         0  startup.o ABSOLUTE
    app.c                                    0x00000000   Number         0  app.o ABSOLUTE
    cardreader.c                             0x00000000   Number         0  cardreader.o ABSOLUTE
    dataflash.c                              0x00000000   Number         0  dataflash.o ABSOLUTE
    dc.s                                     0x00000000   Number         0  dc.o ABSOLUTE
    extint.c                                 0x00000000   Number         0  extint.o ABSOLUTE
    global.c                                 0x00000000   Number         0  global.o ABSOLUTE
    irq.c                                    0x00000000   Number         0  irq.o ABSOLUTE
    keypad.c                                 0x00000000   Number         0  keypad.o ABSOLUTE
    lcd.c                                    0x00000000   Number         0  lcd.o ABSOLUTE
    spi.c                                    0x00000000   Number         0  spi.o ABSOLUTE
    timer.c                                  0x00000000   Number         0  timer.o ABSOLUTE
    uart.c                                   0x00000000   Number         0  uart.o ABSOLUTE
    wdt.c                                    0x00000000   Number         0  wdt.o ABSOLUTE
    RESET                                    0x00008000   Section      312  startup.o(RESET)
    Undef_Handler                            0x00008040   ARM Code       4  startup.o(RESET)
    SWI_Handler                              0x00008044   ARM Code       4  startup.o(RESET)
    PAbt_Handler                             0x00008048   ARM Code       4  startup.o(RESET)
    DAbt_Handler                             0x0000804c   ARM Code       4  startup.o(RESET)
    IRQ_Handler                              0x00008050   ARM Code       4  startup.o(RESET)
    FIQ_Handler                              0x00008054   ARM Code       4  startup.o(RESET)
    !!!main                                  0x00008138   Section        8  __main.o(!!!main)
    !!!scatter                               0x00008140   Section       60  __scatter.o(!!!scatter)
    !!handler_copy                           0x0000817c   Section       40  __scatter_copy.o(!!handler_copy)
    !!handler_zi                             0x000081a4   Section       44  __scatter_zi.o(!!handler_zi)
    .ARM.Collect$$libinit$$00000000          0x000081d8   Section        6  libinit.o(.ARM.Collect$$libinit$$00000000)
    .ARM.Collect$$libinit$$00000006          0x000081de   Section        0  libinit2.o(.ARM.Collect$$libinit$$00000006)
    .ARM.Collect$$libinit$$00000008          0x000081de   Section        0  libinit2.o(.ARM.Collect$$libinit$$00000008)
    .ARM.Collect$$libinit$$0000000A          0x000081de   Section        0  libinit2.o(.ARM.Collect$$libinit$$0000000A)
    .ARM.Collect$$libinit$$0000000D          0x000081de   Section        0  libinit2.o(.ARM.Collect$$libinit$$0000000D)
    .ARM.Collect$$libinit$$0000000F          0x000081de   Section        0  libinit2.o(.ARM.Collect$$libinit$$0000000F)
    .ARM.Collect$$libinit$$00000011          0x000081de   Section        0  libinit2.o(.ARM.Collect$$libinit$$00000011)
    .ARM.Collect$$libinit$$00000013          0x000081de   Section        0  libinit2.o(.ARM.Collect$$libinit$$00000013)
    .ARM.Collect$$libinit$$00000015          0x000081de   Section        0  libinit2.o(.ARM.Collect$$libinit$$00000015)
    .ARM.Collect$$libinit$$00000017          0x000081de   Section        0  libinit2.o(.ARM.Collect$$libinit$$00000017)
    .ARM.Collect$$libinit$$00000019          0x000081de   Section        0  libinit2.o(.ARM.Collect$$libinit$$00000019)
    .ARM.Collect$$libinit$$0000001B          0x000081de   Section        0  libinit2.o(.ARM.Collect$$libinit$$0000001B)
    .ARM.Collect$$libinit$$0000001D          0x000081de   Section        0  libinit2.o(.ARM.Collect$$libinit$$0000001D)
    .ARM.Collect$$libinit$$0000001F          0x000081de   Section        0  libinit2.o(.ARM.Collect$$libinit$$0000001F)
    .ARM.Collect$$libinit$$00000021          0x000081de   Section        0  libinit2.o(.ARM.Collect$$libinit$$00000021)
    .ARM.Collect$$libinit$$00000028          0x000081de   Section        0  libinit2.o(.ARM.Collect$$libinit$$00000028)
    .ARM.Collect$$libinit$$0000002A          0x000081de   Section        0  libinit2.o(.ARM.Collect$$libinit$$0000002A)
    .ARM.Collect$$libinit$$0000002C          0x000081de   Section        0  libinit2.o(.ARM.Collect$$libinit$$0000002C)
    .ARM.Collect$$libinit$$0000002E          0x000081de   Section        0  libinit2.o(.ARM.Collect$$libinit$$0000002E)
    .ARM.Collect$$libinit$$0000002F          0x000081de   Section       12  libinit2.o(.ARM.Collect$$libinit$$0000002F)
    .ARM.Collect$$libshutdown$$00000000      0x000081f4   Section        4  libshutdown.o(.ARM.Collect$$libshutdown$$00000000)
    .ARM.Collect$$libshutdown$$00000003      0x000081f8   Section        0  libshutdown2.o(.ARM.Collect$$libshutdown$$00000003)
    .ARM.Collect$$libshutdown$$00000006      0x000081f8   Section        0  libshutdown2.o(.ARM.Collect$$libshutdown$$00000006)
    .ARM.Collect$$libshutdown$$00000009      0x000081f8   Section        0  libshutdown2.o(.ARM.Collect$$libshutdown$$00000009)
    .ARM.Collect$$libshutdown$$0000000B      0x000081f8   Section        0  libshutdown2.o(.ARM.Collect$$libshutdown$$0000000B)
    .ARM.Collect$$libshutdown$$0000000E      0x000081f8   Section        0  libshutdown2.o(.ARM.Collect$$libshutdown$$0000000E)
    .ARM.Collect$$libshutdown$$0000000F      0x000081f8   Section        6  libshutdown2.o(.ARM.Collect$$libshutdown$$0000000F)
    .ARM.Collect$$rtentry$$00000000          0x00008200   Section        0  rtentry.o(.ARM.Collect$$rtentry$$00000000)
    .ARM.Collect$$rtentry$$00000002          0x00008200   Section        0  rtentry2.o(.ARM.Collect$$rtentry$$00000002)
    .ARM.Collect$$rtentry$$00000004          0x00008200   Section        8  rtentry4.o(.ARM.Collect$$rtentry$$00000004)
    .ARM.Collect$$rtentry$$00000009          0x00008208   Section        0  rtentry2.o(.ARM.Collect$$rtentry$$00000009)
    .ARM.Collect$$rtentry$$0000000A          0x00008208   Section        4  rtentry2.o(.ARM.Collect$$rtentry$$0000000A)
    .ARM.Collect$$rtentry$$0000000C          0x0000820c   Section        0  rtentry2.o(.ARM.Collect$$rtentry$$0000000C)
    .ARM.Collect$$rtentry$$0000000D          0x0000820c   Section       40  rtentry2.o(.ARM.Collect$$rtentry$$0000000D)
    .ARM.Collect$$rtexit$$00000000           0x00008238   Section        0  rtexit.o(.ARM.Collect$$rtexit$$00000000)
    .ARM.Collect$$rtexit$$00000002           0x00008238   Section        0  rtexit2.o(.ARM.Collect$$rtexit$$00000002)
    .ARM.Collect$$rtexit$$00000003           0x00008238   Section        4  rtexit2.o(.ARM.Collect$$rtexit$$00000003)
    .ARM.Collect$$rtexit$$00000004           0x0000823c   Section        4  rtexit2.o(.ARM.Collect$$rtexit$$00000004)
    .text                                    0x00008240   Section       32  startup.o(.text)
    .text                                    0x00008260   Section      400  irq.o(.text)
    .text                                    0x000083f0   Section      176  global.o(.text)
    .text                                    0x000084a0   Section     2336  timer.o(.text)
    .text                                    0x00008dc0   Section      308  spi.o(.text)
    SPIReceiveByte                           0x00008e84   ARM Code      48  spi.o(.text)
    .text                                    0x00008ef4   Section     2244  uart.o(.text)
    .text                                    0x000097b8   Section     3484  dataflash.o(.text)
    .text                                    0x0000a554   Section     3276  lcd.o(.text)
    LCD_WriteData                            0x0000a554   ARM Code     520  lcd.o(.text)
    LCD_WriteControl                         0x0000a75c   ARM Code     652  lcd.o(.text)
    LCD_InitDriver                           0x0000aa90   ARM Code     212  lcd.o(.text)
    .text                                    0x0000b220   Section     6104  keypad.o(.text)
    Keypad_IsRetLineLow                      0x0000b328   ARM Code     244  keypad.o(.text)
    Keypad_MakeScanLineLow                   0x0000b41c   ARM Code     164  keypad.o(.text)
    .text                                    0x0000c9f8   Section      524  extint.o(.text)
    .text                                    0x0000cc04   Section      180  wdt.o(.text)
    .text                                    0x0000ccb8   Section      416  cardreader.o(.text)
    .text                                    0x0000ce58   Section    16632  miscfunctions.o(.text)
    .text                                    0x00010f50   Section     2228  app.o(.text)
    .text                                    0x00011804   Section     2824  meter.o(.text)
    .text                                    0x00012314   Section       80  strcpy.o(.text)
    .text                                    0x0001236c   Section       68  strlen.o(.text)
    .text                                    0x000123b0   Section      112  strncpy.o(.text)
    .text                                    0x00012420   Section      160  strcmp.o(.text)
    .text                                    0x000124c0   Section      384  aeabi_sdiv.o(.text)
    __arm_div8                               0x000124ec   ARM Code       0  aeabi_sdiv.o(.text)
    __arm_div4                               0x0001251c   ARM Code       0  aeabi_sdiv.o(.text)
    __arm_div_large                          0x00012570   ARM Code       0  aeabi_sdiv.o(.text)
    .text                                    0x00012640   Section        6  heapauxi.o(.text)
    .text                                    0x00012648   Section       64  rt_memclr.o(.text)
    .text                                    0x00012688   Section       84  rt_memclr_w.o(.text)
    .text                                    0x000126dc   Section       96  sys_stackheap_outer.o(.text)
    .text                                    0x0001273c   Section       12  exit.o(.text)
    .text                                    0x00012748   Section       12  libspace.o(.text)
    .text                                    0x00012754   Section       24  sys_exit.o(.text)
    .text                                    0x0001276c   Section        4  use_no_semi.o(.text)
    .text_udiv                               0x00012770   Section       28  aeabi_sdiv.o(.text_udiv)
    x$fpl$fpinit                             0x00012790   Section        4  fpinit.o(x$fpl$fpinit)
    .constdata                               0x00012794   Section        2  global.o(.constdata)
    .constdata                               0x00012796   Section       72  lcd.o(.constdata)
    .constdata                               0x000127de   Section       16  keypad.o(.constdata)
    .data                                    0x40000040   Section      104  global.o(.data)
    .data                                    0x400000a8   Section       19  timer.o(.data)
    wdtfeed                                  0x400000b9   Data           1  timer.o(.data)
    pulseflag                                0x400000ba   Data           1  timer.o(.data)
    .data                                    0x400000bc   Section       16  uart.o(.data)
    .data                                    0x400000cc   Section        1  dataflash.o(.data)
    .data                                    0x400000d0   Section       25  keypad.o(.data)
    localRetKeyValue                         0x400000d0   Data           4  keypad.o(.data)
    localPrevKeyValue                        0x400000d4   Data           4  keypad.o(.data)
    localKeyDebounceTimer                    0x400000d8   Data           4  keypad.o(.data)
    PartialMessage                           0x400000dc   Data           1  keypad.o(.data)
    localLastKey                             0x400000e0   Data           4  keypad.o(.data)
    LastKeyPressed                           0x400000e4   Data           4  keypad.o(.data)
    LastKeyCount                             0x400000e8   Data           1  keypad.o(.data)
    .data                                    0x400000ec   Section        8  extint.o(.data)
    .data                                    0x400000f4   Section        4  wdt.o(.data)
    .data                                    0x400000f8   Section        4  cardreader.o(.data)
    localCardTimer                           0x400000f8   Data           4  cardreader.o(.data)
    .data                                    0x400000fc   Section       22  miscfunctions.o(.data)
    localMeterBufIdx                         0x400000fd   Data           1  miscfunctions.o(.data)
    localSMSBufIdx                           0x400000fe   Data           1  miscfunctions.o(.data)
    localCMDBufIdx                           0x400000ff   Data           1  miscfunctions.o(.data)
    localMeterTxCount                        0x40000100   Data           1  miscfunctions.o(.data)
    localInputTxCount                        0x40000101   Data           1  miscfunctions.o(.data)
    localInputTxTimer                        0x40000104   Data           4  miscfunctions.o(.data)
    localSMSTxCount                          0x40000108   Data           1  miscfunctions.o(.data)
    localSMSTxTimer                          0x4000010c   Data           4  miscfunctions.o(.data)
    lclMeterCount                            0x40000110   Data           1  miscfunctions.o(.data)
    LastIOState                              0x40000111   Data           1  miscfunctions.o(.data)
    .data                                    0x40000112   Section        3  app.o(.data)
    process_switch                           0x40000113   Data           1  app.o(.data)
    .data                                    0x40000115   Section        7  meter.o(.data)
    .bss                                     0x4000011c   Section       22  global.o(.bss)
    .bss                                     0x40000132   Section    15360  uart.o(.bss)
    .bss                                     0x40003d32   Section     5152  dataflash.o(.bss)
    DFRxBuffer                               0x40003d32   Data         528  dataflash.o(.bss)
    .bss                                     0x40005152   Section      128  extint.o(.bss)
    .bss                                     0x400051d2   Section     9904  miscfunctions.o(.bss)
    .bss                                     0x40007884   Section       96  libspace.o(.bss)
    HEAP                                     0x400078e8   Section        0  startup.o(HEAP)
    STACK                                    0x400078e8   Section     1160  startup.o(STACK)
    Heap_Mem                                 0x400078e8   Data           0  startup.o(HEAP)
    Stack_Mem                                0x400078e8   Data        1024  startup.o(STACK)
    Stack_Top                                0x40007d70   Data           0  startup.o(STACK)

    Global Symbols

    Symbol Name                              Value     Ov Type        Size  Object(Section)

    BuildAttributes$$THM_ISAv1$ARM_ISAv4$S$PE$A:L22$X:L11$S22$IEEE1$IW$USESV6$~STKCKD$USESV7$~SHL$OSPACE$ROPI$EBA8$UX$STANDARDLIB$REQ8$PRES8$EABIv2 0x00000000   Number         0  anon$$obj.o ABSOLUTE
    __ARM_use_no_argv                        0x00000000   Number         0  app.o ABSOLUTE
    __ARM_exceptions_init                     - Undefined Weak Reference
    __alloca_initialize                       - Undefined Weak Reference
    __cpp_initialize__aeabi_                  - Undefined Weak Reference
    __cxa_finalize                            - Undefined Weak Reference
    __rt_locale                               - Undefined Weak Reference
    __sigvec_lookup                           - Undefined Weak Reference
    _atexit_init                              - Undefined Weak Reference
    _call_atexit_fns                          - Undefined Weak Reference
    _clock_init                               - Undefined Weak Reference
    _fp_trap_init                             - Undefined Weak Reference
    _fp_trap_shutdown                         - Undefined Weak Reference
    _get_lc_collate                           - Undefined Weak Reference
    _get_lc_ctype                             - Undefined Weak Reference
    _get_lc_monetary                          - Undefined Weak Reference
    _get_lc_numeric                           - Undefined Weak Reference
    _get_lc_time                              - Undefined Weak Reference
    _getenv_init                              - Undefined Weak Reference
    _handle_redirection                       - Undefined Weak Reference
    _init_alloc                               - Undefined Weak Reference
    _init_user_alloc                          - Undefined Weak Reference
    _initio                                   - Undefined Weak Reference
    _rand_init                                - Undefined Weak Reference
    _signal_finish                            - Undefined Weak Reference
    _signal_init                              - Undefined Weak Reference
    _terminate_alloc                          - Undefined Weak Reference
    _terminate_user_alloc                     - Undefined Weak Reference
    _terminateio                              - Undefined Weak Reference
    Image$$RW_IRAM1$$RW$$Length              0x000000dc   Number         0  anon$$obj.o ABSOLUTE
    Reset_Handler                            0x00008058   ARM Code       0  startup.o(RESET)
    __main                                   0x00008138   ARM Code       8  __main.o(!!!main)
    __scatterload                            0x00008140   ARM Code       0  __scatter.o(!!!scatter)
    __scatterload_rt2                        0x00008140   ARM Code      52  __scatter.o(!!!scatter)
    __scatterload_null                       0x00008154   ARM Code       0  __scatter.o(!!!scatter)
    __scatterload_copy                       0x0000817c   ARM Code      40  __scatter_copy.o(!!handler_copy)
    __scatterload_zeroinit                   0x000081a4   ARM Code      44  __scatter_zi.o(!!handler_zi)
    Inline ARM to Thumb Veneer to __rt_lib_init 0x000081d0   ARM Code       8  libinit.o(.ARM.Collect$$libinit$$00000000)
    __rt_lib_init                            0x000081d9   Thumb Code     0  libinit.o(.ARM.Collect$$libinit$$00000000)
    __rt_lib_init_alloca_1                   0x000081df   Thumb Code     0  libinit2.o(.ARM.Collect$$libinit$$0000002A)
    __rt_lib_init_argv_1                     0x000081df   Thumb Code     0  libinit2.o(.ARM.Collect$$libinit$$00000028)
    __rt_lib_init_atexit_1                   0x000081df   Thumb Code     0  libinit2.o(.ARM.Collect$$libinit$$00000017)
    __rt_lib_init_clock_1                    0x000081df   Thumb Code     0  libinit2.o(.ARM.Collect$$libinit$$0000001D)
    __rt_lib_init_cpp_1                      0x000081df   Thumb Code     0  libinit2.o(.ARM.Collect$$libinit$$0000002E)
    __rt_lib_init_exceptions_1               0x000081df   Thumb Code     0  libinit2.o(.ARM.Collect$$libinit$$0000002C)
    __rt_lib_init_fp_trap_1                  0x000081df   Thumb Code     0  libinit2.o(.ARM.Collect$$libinit$$0000001B)
    __rt_lib_init_getenv_1                   0x000081df   Thumb Code     0  libinit2.o(.ARM.Collect$$libinit$$0000001F)
    __rt_lib_init_heap_1                     0x000081df   Thumb Code     0  libinit2.o(.ARM.Collect$$libinit$$00000006)
    __rt_lib_init_lc_collate_1               0x000081df   Thumb Code     0  libinit2.o(.ARM.Collect$$libinit$$0000000D)
    __rt_lib_init_lc_ctype_1                 0x000081df   Thumb Code     0  libinit2.o(.ARM.Collect$$libinit$$0000000F)
    __rt_lib_init_lc_monetary_1              0x000081df   Thumb Code     0  libinit2.o(.ARM.Collect$$libinit$$00000011)
    __rt_lib_init_lc_numeric_1               0x000081df   Thumb Code     0  libinit2.o(.ARM.Collect$$libinit$$00000013)
    __rt_lib_init_lc_time_1                  0x000081df   Thumb Code     0  libinit2.o(.ARM.Collect$$libinit$$00000015)
    __rt_lib_init_rand_1                     0x000081df   Thumb Code     0  libinit2.o(.ARM.Collect$$libinit$$0000000A)
    __rt_lib_init_return                     0x000081df   Thumb Code     0  libinit2.o(.ARM.Collect$$libinit$$0000002F)
    __rt_lib_init_signal_1                   0x000081df   Thumb Code     0  libinit2.o(.ARM.Collect$$libinit$$00000019)
    __rt_lib_init_stdio_1                    0x000081df   Thumb Code     0  libinit2.o(.ARM.Collect$$libinit$$00000021)
    __rt_lib_init_user_alloc_1               0x000081df   Thumb Code     0  libinit2.o(.ARM.Collect$$libinit$$00000008)
    Inline ARM to Thumb Veneer to __rt_lib_shutdown 0x000081ec   ARM Code       8  libshutdown.o(.ARM.Collect$$libshutdown$$00000000)
    __rt_lib_shutdown                        0x000081f5   Thumb Code     0  libshutdown.o(.ARM.Collect$$libshutdown$$00000000)
    __rt_lib_shutdown_fp_trap_1              0x000081f9   Thumb Code     0  libshutdown2.o(.ARM.Collect$$libshutdown$$00000006)
    __rt_lib_shutdown_heap_1                 0x000081f9   Thumb Code     0  libshutdown2.o(.ARM.Collect$$libshutdown$$0000000E)
    __rt_lib_shutdown_return                 0x000081f9   Thumb Code     0  libshutdown2.o(.ARM.Collect$$libshutdown$$0000000F)
    __rt_lib_shutdown_signal_1               0x000081f9   Thumb Code     0  libshutdown2.o(.ARM.Collect$$libshutdown$$00000009)
    __rt_lib_shutdown_stdio_1                0x000081f9   Thumb Code     0  libshutdown2.o(.ARM.Collect$$libshutdown$$00000003)
    __rt_lib_shutdown_user_alloc_1           0x000081f9   Thumb Code     0  libshutdown2.o(.ARM.Collect$$libshutdown$$0000000B)
    __rt_entry                               0x00008200   ARM Code       0  rtentry.o(.ARM.Collect$$rtentry$$00000000)
    __rt_entry_presh_1                       0x00008200   ARM Code       0  rtentry2.o(.ARM.Collect$$rtentry$$00000002)
    __rt_entry_sh                            0x00008200   ARM Code       0  rtentry4.o(.ARM.Collect$$rtentry$$00000004)
    __rt_entry_li                            0x00008208   ARM Code       0  rtentry2.o(.ARM.Collect$$rtentry$$0000000A)
    __rt_entry_postsh_1                      0x00008208   ARM Code       0  rtentry2.o(.ARM.Collect$$rtentry$$00000009)
    __rt_entry_main                          0x0000820c   ARM Code       0  rtentry2.o(.ARM.Collect$$rtentry$$0000000D)
    __rt_entry_postli_1                      0x0000820c   ARM Code       0  rtentry2.o(.ARM.Collect$$rtentry$$0000000C)
    Inline Thumb to ARM Veneer to __rt_exit  0x00008235   Thumb Code     4  rtexit.o(.ARM.Collect$$rtexit$$00000000)
    __rt_exit                                0x00008238   ARM Code       0  rtexit.o(.ARM.Collect$$rtexit$$00000000)
    __rt_exit_ls                             0x00008238   ARM Code       0  rtexit2.o(.ARM.Collect$$rtexit$$00000003)
    __rt_exit_prels_1                        0x00008238   ARM Code       0  rtexit2.o(.ARM.Collect$$rtexit$$00000002)
    __rt_exit_exit                           0x0000823c   ARM Code       0  rtexit2.o(.ARM.Collect$$rtexit$$00000004)
    __user_initial_stackheap                 0x00008240   ARM Code       0  startup.o(.text)
    DefaultVICHandler                        0x00008260   ARM Code      20  irq.o(.text)
    init_VIC                                 0x00008274   ARM Code      92  irq.o(.text)
    install_irq                              0x000082d0   ARM Code     136  irq.o(.text)
    uninstall_irq                            0x00008358   ARM Code     148  irq.o(.text)
    CHECKFLAG                                0x000083f0   ARM Code      36  global.o(.text)
    SETFLAG                                  0x00008414   ARM Code      24  global.o(.text)
    RESETFLAG                                0x0000842c   ARM Code      24  global.o(.text)
    CHECKFLAG1                               0x00008444   ARM Code      36  global.o(.text)
    SETFLAG1                                 0x00008468   ARM Code      24  global.o(.text)
    RESETFLAG1                               0x00008480   ARM Code      24  global.o(.text)
    Timer0Handler                            0x000084a0   ARM Code    1908  timer.o(.text)
    Timer1Handler                            0x00008c14   ARM Code      32  timer.o(.text)
    enable_timer                             0x00008c34   ARM Code      40  timer.o(.text)
    disable_timer                            0x00008c5c   ARM Code      40  timer.o(.text)
    reset_timer                              0x00008c84   ARM Code      48  timer.o(.text)
    init_timer0                              0x00008cb4   ARM Code      64  timer.o(.text)
    init_timer1                              0x00008cf4   ARM Code      64  timer.o(.text)
    Delay                                    0x00008d34   ARM Code      36  timer.o(.text)
    SPIInit                                  0x00008dc0   ARM Code     116  spi.o(.text)
    SPISend                                  0x00008e34   ARM Code      80  spi.o(.text)
    SPIReceive                               0x00008eb4   ARM Code      52  spi.o(.text)
    UART1Handler                             0x00008ef4   ARM Code     784  uart.o(.text)
    UART0Handler                             0x00009204   ARM Code     820  uart.o(.text)
    UART0Init                                0x00009538   ARM Code     164  uart.o(.text)
    UART1Init                                0x000095dc   ARM Code     160  uart.o(.text)
    UART0Send                                0x0000967c   ARM Code      80  uart.o(.text)
    UART0SendBuffer                          0x000096cc   ARM Code      88  uart.o(.text)
    UART1Send                                0x00009724   ARM Code      80  uart.o(.text)
    DF_CheckIfBusy                           0x000097b8   ARM Code     240  dataflash.o(.text)
    DF_ReadDataFromBuffer                    0x000098a8   ARM Code     192  dataflash.o(.text)
    DF_ReadPageToBuffer                      0x00009968   ARM Code     280  dataflash.o(.text)
    DF_ReadPage                              0x00009a80   ARM Code      72  dataflash.o(.text)
    DF_ReadDataBytesFromBuffer               0x00009ac8   ARM Code     260  dataflash.o(.text)
    DF_ReadBytesFromPage                     0x00009bcc   ARM Code     304  dataflash.o(.text)
    DF_WriteDataIntoBuffer                   0x00009cfc   ARM Code     192  dataflash.o(.text)
    DF_ByteProgram                           0x00009dbc   ARM Code     220  dataflash.o(.text)
    DF_WriteBufferToPage                     0x00009e98   ARM Code     200  dataflash.o(.text)
    DF_WriteDataBytesIntoBuffer              0x00009f60   ARM Code     260  dataflash.o(.text)
    DF_ErasePage                             0x0000a064   ARM Code     328  dataflash.o(.text)
    DF_WriteBytesToPage                      0x0000a1ac   ARM Code     368  dataflash.o(.text)
    DF_ChipErase                             0x0000a31c   ARM Code     248  dataflash.o(.text)
    DF_DisableBlkProt                        0x0000a414   ARM Code     192  dataflash.o(.text)
    Read_ID                                  0x0000a4d4   ARM Code     108  dataflash.o(.text)
    Image$$ER_IROM1$$RO$$Length              0x0000a810   Number         0  anon$$obj.o ABSOLUTE
    LCD_DefineChar                           0x0000a9e8   ARM Code     108  lcd.o(.text)
    LCD_CursorOff                            0x0000aa54   ARM Code      24  lcd.o(.text)
    LCD_Clear                                0x0000aa6c   ARM Code      36  lcd.o(.text)
    LCD_Init                                 0x0000ab64   ARM Code     248  lcd.o(.text)
    LCD_Home                                 0x0000ac5c   ARM Code      24  lcd.o(.text)
    LCD_DisplayCharacter                     0x0000ac74   ARM Code     108  lcd.o(.text)
    LCD_Cursor                               0x0000ace0   ARM Code     164  lcd.o(.text)
    LCD_DisplayString                        0x0000ad84   ARM Code      84  lcd.o(.text)
    LCD_DisplayStringCentered                0x0000add8   ARM Code     176  lcd.o(.text)
    LCD_DisplayRow                           0x0000ae88   ARM Code      80  lcd.o(.text)
    LCD_DisplayScreen                        0x0000aed8   ARM Code      64  lcd.o(.text)
    LCD_WipeOnLR                             0x0000af18   ARM Code     164  lcd.o(.text)
    LCD_WipeOnRL                             0x0000afbc   ARM Code     164  lcd.o(.text)
    LCD_WipeOffLR                            0x0000b060   ARM Code     132  lcd.o(.text)
    LCD_WipeOffRL                            0x0000b0e4   ARM Code     132  lcd.o(.text)
    LCD_CursorLeft                           0x0000b168   ARM Code      24  lcd.o(.text)
    LCD_CursorRight                          0x0000b180   ARM Code      24  lcd.o(.text)
    LCD_CursorOn                             0x0000b198   ARM Code      24  lcd.o(.text)
    LCD_DisplayOff                           0x0000b1b0   ARM Code      36  lcd.o(.text)
    LCD_DisplayOn                            0x0000b1d4   ARM Code      36  lcd.o(.text)
    Keypad_Init                              0x0000b220   ARM Code     264  keypad.o(.text)
    Keypad_GetKey                            0x0000b4c0   ARM Code     600  keypad.o(.text)
    LockKey                                  0x0000b718   ARM Code     484  keypad.o(.text)
    IsKeyLocked                              0x0000b8fc   ARM Code     492  keypad.o(.text)
    Process_KeyPad                           0x0000bae8   ARM Code    3372  keypad.o(.text)
    UnLockKey                                0x0000c814   ARM Code     484  keypad.o(.text)
    EINT1_Handler                            0x0000c9f8   ARM Code     376  extint.o(.text)
    EINTInit                                 0x0000cb70   ARM Code     124  extint.o(.text)
    WDTHandler                               0x0000cc04   ARM Code      60  wdt.o(.text)
    WDTInit                                  0x0000cc40   ARM Code      88  wdt.o(.text)
    WDTFeed                                  0x0000cc98   ARM Code      24  wdt.o(.text)
    Process_Card                             0x0000ccb8   ARM Code     364  cardreader.o(.text)
    DisplayMessage                           0x0000ce58   ARM Code     772  miscfunctions.o(.text)
    DisplayWelcomeScreen                     0x0000d15c   ARM Code     268  miscfunctions.o(.text)
    CopyToAckBuffer                          0x0000d268   ARM Code     704  miscfunctions.o(.text)
    ProcessIOCommand                         0x0000d528   ARM Code     464  miscfunctions.o(.text)
    SaveSMS                                  0x0000d6f8   ARM Code     444  miscfunctions.o(.text)
    CheckDateTime                            0x0000d8b4   ARM Code     264  miscfunctions.o(.text)
    ProcessBuffer                            0x0000d9bc   ARM Code    1684  miscfunctions.o(.text)
    ProcessUartRxBuffers                     0x0000e050   ARM Code    2480  miscfunctions.o(.text)
    ProcessUartTxBuffers                     0x0000ea00   ARM Code    1596  miscfunctions.o(.text)
    SendDataToModem                          0x0000f03c   ARM Code     120  miscfunctions.o(.text)
    SendMessage                              0x0000f0b4   ARM Code    1672  miscfunctions.o(.text)
    DisplayMainMenu                          0x0000f73c   ARM Code     364  miscfunctions.o(.text)
    DisplayPartialMessage                    0x0000f8a8   ARM Code     724  miscfunctions.o(.text)
    DialFixedNo                              0x0000fb7c   ARM Code     392  miscfunctions.o(.text)
    DialOtherNo                              0x0000fd04   ARM Code      24  miscfunctions.o(.text)
    LogUserIn                                0x0000fd1c   ARM Code    1008  miscfunctions.o(.text)
    LogUserOut                               0x0001010c   ARM Code     976  miscfunctions.o(.text)
    InitIOS                                  0x000104dc   ARM Code     396  miscfunctions.o(.text)
    CheckIOS                                 0x00010668   ARM Code     468  miscfunctions.o(.text)
    WaitForAcceptance                        0x0001083c   ARM Code     432  miscfunctions.o(.text)
    GetCreditCardAmount                      0x000109ec   ARM Code    1312  miscfunctions.o(.text)
    main                                     0x00010f50   ARM Code    2212  app.o(.text)
    SendCommandToMeter                       0x00011804   ARM Code    1292  meter.o(.text)
    ParseCommandForMeter                     0x00011d10   ARM Code    1208  meter.o(.text)
    SendACKToMeter                           0x000121c8   ARM Code      64  meter.o(.text)
    SendNACKToMeter                          0x00012208   ARM Code      64  meter.o(.text)
    ConvAscToHex                             0x00012248   ARM Code     196  meter.o(.text)
    Inline ARM to Thumb Veneer to strcpy     0x0001230c   ARM Code       8  strcpy.o(.text)
    strcpy                                   0x00012315   Thumb Code    74  strcpy.o(.text)
    Inline ARM to Thumb Veneer to strlen     0x00012364   ARM Code       8  strlen.o(.text)
    strlen                                   0x0001236d   Thumb Code    64  strlen.o(.text)
    strncpy                                  0x000123b0   ARM Code     108  strncpy.o(.text)
    strcmp                                   0x00012420   ARM Code     156  strcmp.o(.text)
    __aeabi_idiv                             0x000124c0   ARM Code       0  aeabi_sdiv.o(.text)
    __aeabi_idivmod                          0x000124c0   ARM Code     384  aeabi_sdiv.o(.text)
    __use_two_region_memory                  0x00012641   Thumb Code     2  heapauxi.o(.text)
    __rt_heap_escrow$2region                 0x00012643   Thumb Code     2  heapauxi.o(.text)
    __rt_heap_expand$2region                 0x00012645   Thumb Code     2  heapauxi.o(.text)
    __aeabi_memclr                           0x00012648   ARM Code       0  rt_memclr.o(.text)
    __rt_memclr                              0x00012648   ARM Code      64  rt_memclr.o(.text)
    _memset                                  0x0001264c   ARM Code       0  rt_memclr.o(.text)
    __aeabi_memclr4                          0x00012688   ARM Code       0  rt_memclr_w.o(.text)
    __aeabi_memclr8                          0x00012688   ARM Code       0  rt_memclr_w.o(.text)
    __rt_memclr_w                            0x00012688   ARM Code      84  rt_memclr_w.o(.text)
    _memset_w                                0x0001268c   ARM Code       0  rt_memclr_w.o(.text)
    __user_setup_stackheap                   0x000126dc   ARM Code      96  sys_stackheap_outer.o(.text)
    exit                                     0x0001273d   Thumb Code    12  exit.o(.text)
    __user_libspace                          0x00012748   ARM Code      12  libspace.o(.text)
    __user_perproc_libspace                  0x00012748   ARM Code       0  libspace.o(.text)
    __user_perthread_libspace                0x00012748   ARM Code       0  libspace.o(.text)
    _sys_exit                                0x00012754   ARM Code      20  sys_exit.o(.text)
    __I$use$semihosting                      0x0001276c   ARM Code       0  use_no_semi.o(.text)
    __use_no_semihosting_swi                 0x0001276c   ARM Code       4  use_no_semi.o(.text)
    __aeabi_uidiv                            0x00012770   ARM Code       0  aeabi_sdiv.o(.text_udiv)
    __aeabi_uidivmod                         0x00012770   ARM Code      28  aeabi_sdiv.o(.text_udiv)
    Inline Thumb to ARM Veneer to _fp_init   0x0001278d   Thumb Code     4  fpinit.o(x$fpl$fpinit)
    __fplib_config_pureend_doubles           0x00012790   ARM Code       0  fpinit.o(x$fpl$fpinit)
    _fp_init                                 0x00012790   ARM Code       4  fpinit.o(x$fpl$fpinit)
    SendSTX                                  0x00012794   Data           1  global.o(.constdata)
    SendETX                                  0x00012795   Data           1  global.o(.constdata)
    RIGHT_ARROW                              0x00012796   Data           8  lcd.o(.constdata)
    LEFT_ARROW                               0x0001279e   Data           8  lcd.o(.constdata)
    LCD_CHAR_BAR3                            0x000127a6   Data           8  lcd.o(.constdata)
    LCD_CHAR_BAR4                            0x000127ae   Data           8  lcd.o(.constdata)
    LCD_CHAR_BAR5                            0x000127b6   Data           8  lcd.o(.constdata)
    LCD_CHAR_UP_ARROW                        0x000127be   Data           8  lcd.o(.constdata)
    LCD_CHAR_DOWN_ARROW                      0x000127c6   Data           8  lcd.o(.constdata)
    LCD_CHAR_TRADEMARK_T                     0x000127ce   Data           8  lcd.o(.constdata)
    LCD_CHAR_TRADEMARK_M                     0x000127d6   Data           8  lcd.o(.constdata)
    KP_KeyMatrix                             0x000127de   Data          16  keypad.o(.constdata)
    Region$$Table$$Base                      0x000127f0   Number         0  anon$$obj.o(Region$$Table)
    Region$$Table$$Limit                     0x00012810   Number         0  anon$$obj.o(Region$$Table)
    PrevMeterHired                           0x40000040   Data           1  global.o(.data)
    MeterHired                               0x40000041   Data           1  global.o(.data)
    PrevShiftOn                              0x40000042   Data           1  global.o(.data)
    ShiftOn                                  0x40000043   Data           1  global.o(.data)
    MeterDisabled                            0x40000044   Data           1  global.o(.data)
    FareFromGSM                              0x40000045   Data           3  global.o(.data)
    MeterAddkeys                             0x40000048   Data           4  global.o(.data)
    TransactionResult                        0x4000004c   Data           1  global.o(.data)
    DisplayLastMessage                       0x4000004d   Data           1  global.o(.data)
    CurrentCheckSum                          0x4000004e   Data           1  global.o(.data)
    LastCheckSum                             0x4000004f   Data           1  global.o(.data)
    MeterCheckTimer                          0x40000050   Data           4  global.o(.data)
    MeterCommandTimer                        0x40000054   Data           4  global.o(.data)
    MessageDisable                           0x40000058   Data           1  global.o(.data)
    Dummybyte                                0x40000059   Data           1  global.o(.data)
    PickUpTimer                              0x4000005c   Data           4  global.o(.data)
    KerbDuty                                 0x40000060   Data           1  global.o(.data)
    CtrlDuty                                 0x40000061   Data           1  global.o(.data)
    SMSLocation                              0x40000062   Data           1  global.o(.data)
    GlobalFlags                              0x40000064   Data           4  global.o(.data)
    GlobalFlags1                             0x40000068   Data           4  global.o(.data)
    SerialTimeoutTimer                       0x4000006c   Data           4  global.o(.data)
    PowerTimeoutTimer                        0x40000070   Data           4  global.o(.data)
    BacklitTimeoutTimer                      0x40000074   Data           4  global.o(.data)
    AckWaitTimer                             0x40000078   Data           4  global.o(.data)
    MeterTimeoutTimer                        0x4000007c   Data           4  global.o(.data)
    localMeterTxTimer                        0x40000080   Data           4  global.o(.data)
    SendData                                 0x40000084   Data           4  global.o(.data)
    GPSVersion                               0x40000088   Data           3  global.o(.data)
    KeyStatus                                0x4000008c   Data           4  global.o(.data)
    KeyRepeatTimer                           0x40000090   Data           4  global.o(.data)
    FARE                                     0x40000094   Data           4  global.o(.data)
    AirportFees                              0x40000098   Data           4  global.o(.data)
    CreditCardFees                           0x4000009c   Data           4  global.o(.data)
    ConvenienceFees                          0x400000a0   Data           4  global.o(.data)
    AdditionalFees                           0x400000a4   Data           4  global.o(.data)
    livepulsetimer                           0x400000a8   Data           4  timer.o(.data)
    MS_TIMER                                 0x400000ac   Data           4  timer.o(.data)
    power_count                              0x400000b0   Data           4  timer.o(.data)
    noise                                    0x400000b4   Data           4  timer.o(.data)
    dummy_status                             0x400000b8   Data           1  timer.o(.data)
    UARTTxBufferCount                        0x400000bc   Data           4  uart.o(.data)
    Uart0BufferIndex                         0x400000c0   Data           1  uart.o(.data)
    Uart1BufferIndex                         0x400000c1   Data           1  uart.o(.data)
    Uart0Count                               0x400000c4   Data           4  uart.o(.data)
    Uart1Count                               0x400000c8   Data           4  uart.o(.data)
    GBLDataflashType                         0x400000cc   Data           1  dataflash.o(.data)
    eint1_counter                            0x400000ec   Data           4  extint.o(.data)
    eint1_byte_counter                       0x400000f0   Data           4  extint.o(.data)
    wdt_counter                              0x400000f4   Data           4  wdt.o(.data)
    power_status                             0x400000fc   Data           1  miscfunctions.o(.data)
    LastStatus                               0x40000112   Data           1  app.o(.data)
    Status                                   0x40000114   Data           1  app.o(.data)
    MeterCommand                             0x40000115   Data           7  meter.o(.data)
    MeterAddkeysStr                          0x4000011c   Data          22  global.o(.bss)
    UART0Buffer                              0x40000132   Data        7168  uart.o(.bss)
    UART1Buffer                              0x40001d32   Data        7168  uart.o(.bss)
    UART0TxBuffer                            0x40003932   Data        1024  uart.o(.bss)
    DF2Buffer                                0x40003f42   Data         528  dataflash.o(.bss)
    DF2TempBuffer                            0x40004152   Data        4096  dataflash.o(.bss)
    eint1_buffer                             0x40005152   Data         128  extint.o(.bss)
    MeterBuffer                              0x400051d2   Data        4096  miscfunctions.o(.bss)
    SMSBuffer                                0x400061d2   Data        2624  miscfunctions.o(.bss)
    CMDBuffer                                0x40006c12   Data          64  miscfunctions.o(.bss)
    TempBuffer                               0x40006c52   Data         528  miscfunctions.o(.bss)
    AckBuffer                                0x40006e62   Data        2520  miscfunctions.o(.bss)
    InputBuffer                              0x4000783a   Data          72  miscfunctions.o(.bss)
    __libspace_start                         0x40007884   Data          96  libspace.o(.bss)
    __temporary_stack_top$libspace           0x400078e4   Data           0  libspace.o(.bss)



==============================================================================

Memory Map of the image

  Image Entry point : 0x00008138

  Load Region LR_IROM1 (Base: 0x00008000, Size: 0x0000a8ec, Max: 0x00080000, ABSOLUTE)

    Execution Region ER_IROM1 (Base: 0x00008000, Size: 0x0000a810, Max: 0x00080000, ABSOLUTE)

    Base Addr    Size         Type   Attr      Idx    E Section Name        Object

    0x00008000   0x00000138   Code   RO            3    RESET               startup.o
    0x00008138   0x00000008   Code   RO          352  * !!!main             __main.o(c_t.l)
    0x00008140   0x0000003c   Code   RO          525    !!!scatter          __scatter.o(c_t.l)
    0x0000817c   0x00000028   Code   RO          527    !!handler_copy      __scatter_copy.o(c_t.l)
    0x000081a4   0x0000002c   Code   RO          529    !!handler_zi        __scatter_zi.o(c_t.l)
    0x000081d0   0x00000008   Ven    RO          398    .ARM.Collect$$libinit$$00000000  libinit.o(c_t.l)
    0x000081d8   0x00000006   Code   RO          398    .ARM.Collect$$libinit$$00000000  libinit.o(c_t.l)
    0x000081de   0x00000000   Code   RO          412    .ARM.Collect$$libinit$$00000006  libinit2.o(c_t.l)
    0x000081de   0x00000000   Code   RO          414    .ARM.Collect$$libinit$$00000008  libinit2.o(c_t.l)
    0x000081de   0x00000000   Code   RO          416    .ARM.Collect$$libinit$$0000000A  libinit2.o(c_t.l)
    0x000081de   0x00000000   Code   RO          419    .ARM.Collect$$libinit$$0000000D  libinit2.o(c_t.l)
    0x000081de   0x00000000   Code   RO          421    .ARM.Collect$$libinit$$0000000F  libinit2.o(c_t.l)
    0x000081de   0x00000000   Code   RO          423    .ARM.Collect$$libinit$$00000011  libinit2.o(c_t.l)
    0x000081de   0x00000000   Code   RO          425    .ARM.Collect$$libinit$$00000013  libinit2.o(c_t.l)
    0x000081de   0x00000000   Code   RO          427    .ARM.Collect$$libinit$$00000015  libinit2.o(c_t.l)
    0x000081de   0x00000000   Code   RO          429    .ARM.Collect$$libinit$$00000017  libinit2.o(c_t.l)
    0x000081de   0x00000000   Code   RO          431    .ARM.Collect$$libinit$$00000019  libinit2.o(c_t.l)
    0x000081de   0x00000000   Code   RO          433    .ARM.Collect$$libinit$$0000001B  libinit2.o(c_t.l)
    0x000081de   0x00000000   Code   RO          435    .ARM.Collect$$libinit$$0000001D  libinit2.o(c_t.l)
    0x000081de   0x00000000   Code   RO          437    .ARM.Collect$$libinit$$0000001F  libinit2.o(c_t.l)
    0x000081de   0x00000000   Code   RO          439    .ARM.Collect$$libinit$$00000021  libinit2.o(c_t.l)
    0x000081de   0x00000000   Code   RO          443    .ARM.Collect$$libinit$$00000028  libinit2.o(c_t.l)
    0x000081de   0x00000000   Code   RO          445    .ARM.Collect$$libinit$$0000002A  libinit2.o(c_t.l)
    0x000081de   0x00000000   Code   RO          447    .ARM.Collect$$libinit$$0000002C  libinit2.o(c_t.l)
    0x000081de   0x00000000   Code   RO          449    .ARM.Collect$$libinit$$0000002E  libinit2.o(c_t.l)
    0x000081de   0x0000000c   Code   RO          450    .ARM.Collect$$libinit$$0000002F  libinit2.o(c_t.l)
    0x000081ea   0x00000002   PAD
    0x000081ec   0x00000008   Ven    RO          483    .ARM.Collect$$libshutdown$$00000000  libshutdown.o(c_t.l)
    0x000081f4   0x00000004   Code   RO          483    .ARM.Collect$$libshutdown$$00000000  libshutdown.o(c_t.l)
    0x000081f8   0x00000000   Code   RO          510    .ARM.Collect$$libshutdown$$00000003  libshutdown2.o(c_t.l)
    0x000081f8   0x00000000   Code   RO          513    .ARM.Collect$$libshutdown$$00000006  libshutdown2.o(c_t.l)
    0x000081f8   0x00000000   Code   RO          516    .ARM.Collect$$libshutdown$$00000009  libshutdown2.o(c_t.l)
    0x000081f8   0x00000000   Code   RO          518    .ARM.Collect$$libshutdown$$0000000B  libshutdown2.o(c_t.l)
    0x000081f8   0x00000000   Code   RO          521    .ARM.Collect$$libshutdown$$0000000E  libshutdown2.o(c_t.l)
    0x000081f8   0x00000006   Code   RO          522    .ARM.Collect$$libshutdown$$0000000F  libshutdown2.o(c_t.l)
    0x000081fe   0x00000002   PAD
    0x00008200   0x00000000   Code   RO          354    .ARM.Collect$$rtentry$$00000000  rtentry.o(c_t.l)
    0x00008200   0x00000000   Code   RO          363    .ARM.Collect$$rtentry$$00000002  rtentry2.o(c_t.l)
    0x00008200   0x00000008   Code   RO          378    .ARM.Collect$$rtentry$$00000004  rtentry4.o(c_t.l)
    0x00008208   0x00000000   Code   RO          365    .ARM.Collect$$rtentry$$00000009  rtentry2.o(c_t.l)
    0x00008208   0x00000004   Code   RO          366    .ARM.Collect$$rtentry$$0000000A  rtentry2.o(c_t.l)
    0x0000820c   0x00000000   Code   RO          368    .ARM.Collect$$rtentry$$0000000C  rtentry2.o(c_t.l)
    0x0000820c   0x00000028   Code   RO          369    .ARM.Collect$$rtentry$$0000000D  rtentry2.o(c_t.l)
    0x00008234   0x00000004   Ven    RO          402    .ARM.Collect$$rtexit$$00000000  rtexit.o(c_t.l)
    0x00008238   0x00000000   Code   RO          402    .ARM.Collect$$rtexit$$00000000  rtexit.o(c_t.l)
    0x00008238   0x00000000   Code   RO          456    .ARM.Collect$$rtexit$$00000002  rtexit2.o(c_t.l)
    0x00008238   0x00000004   Code   RO          457    .ARM.Collect$$rtexit$$00000003  rtexit2.o(c_t.l)
    0x0000823c   0x00000004   Code   RO          458    .ARM.Collect$$rtexit$$00000004  rtexit2.o(c_t.l)
    0x00008240   0x00000020   Code   RO            4    .text               startup.o
    0x00008260   0x00000190   Code   RO           11    .text               irq.o
    0x000083f0   0x000000b0   Code   RO           33    .text               global.o
    0x000084a0   0x00000920   Code   RO           54    .text               timer.o
    0x00008dc0   0x00000134   Code   RO           99    .text               spi.o
    0x00008ef4   0x000008c4   Code   RO          114    .text               uart.o
    0x000097b8   0x00000d9c   Code   RO          137    .text               dataflash.o
    0x0000a554   0x00000ccc   Code   RO          156    .text               lcd.o
    0x0000b220   0x000017d8   Code   RO          177    .text               keypad.o
    0x0000c9f8   0x0000020c   Code   RO          199    .text               extint.o
    0x0000cc04   0x000000b4   Code   RO          221    .text               wdt.o
    0x0000ccb8   0x000001a0   Code   RO          246    .text               cardreader.o
    0x0000ce58   0x000040f8   Code   RO          266    .text               miscfunctions.o
    0x00010f50   0x000008b4   Code   RO          286    .text               app.o
    0x00011804   0x00000b08   Code   RO          309    .text               meter.o
    0x0001230c   0x00000008   Ven    RO          326    .text               strcpy.o(c_t.l)
    0x00012314   0x00000050   Code   RO          326    .text               strcpy.o(c_t.l)
    0x00012364   0x00000008   Ven    RO          328    .text               strlen.o(c_t.l)
    0x0001236c   0x00000044   Code   RO          328    .text               strlen.o(c_t.l)
    0x000123b0   0x00000070   Code   RO          330    .text               strncpy.o(c_t.l)
    0x00012420   0x000000a0   Code   RO          332    .text               strcmp.o(c_t.l)
    0x000124c0   0x00000180   Code   RO          334    .text               aeabi_sdiv.o(c_t.l)
    0x00012640   0x00000006   Code   RO          350    .text               heapauxi.o(c_t.l)
    0x00012646   0x00000002   PAD
    0x00012648   0x00000040   Code   RO          360    .text               rt_memclr.o(c_t.l)
    0x00012688   0x00000054   Code   RO          382    .text               rt_memclr_w.o(c_t.l)
    0x000126dc   0x00000060   Code   RO          384    .text               sys_stackheap_outer.o(c_t.l)
    0x0001273c   0x0000000c   Code   RO          386    .text               exit.o(c_t.l)
    0x00012748   0x0000000c   Code   RO          399    .text               libspace.o(c_t.l)
    0x00012754   0x00000018   Code   RO          453    .text               sys_exit.o(c_t.l)
    0x0001276c   0x00000004   Code   RO          473    .text               use_no_semi.o(c_t.l)
    0x00012770   0x0000001c   Code   RO          335    .text_udiv          aeabi_sdiv.o(c_t.l)
    0x0001278c   0x00000004   Ven    RO          451    x$fpl$fpinit        fpinit.o(fz_ts.l)
    0x00012790   0x00000004   Code   RO          451    x$fpl$fpinit        fpinit.o(fz_ts.l)
    0x00012794   0x00000002   Data   RO           35    .constdata          global.o
    0x00012796   0x00000048   Data   RO          157    .constdata          lcd.o
    0x000127de   0x00000010   Data   RO          178    .constdata          keypad.o
    0x000127ee   0x00000002   PAD
    0x000127f0   0x00000020   Data   RO          523    Region$$Table       anon$$obj.o


    Execution Region RW_IRAM1 (Base: 0x40000040, Size: 0x00007d30, Max: 0x00008000, ABSOLUTE)

    Base Addr    Size         Type   Attr      Idx    E Section Name        Object

    0x40000040   0x00000068   Data   RW           36    .data               global.o
    0x400000a8   0x00000013   Data   RW           55    .data               timer.o
    0x400000bb   0x00000001   PAD
    0x400000bc   0x00000010   Data   RW          116    .data               uart.o
    0x400000cc   0x00000001   Data   RW          139    .data               dataflash.o
    0x400000cd   0x00000003   PAD
    0x400000d0   0x00000019   Data   RW          179    .data               keypad.o
    0x400000e9   0x00000003   PAD
    0x400000ec   0x00000008   Data   RW          201    .data               extint.o
    0x400000f4   0x00000004   Data   RW          222    .data               wdt.o
    0x400000f8   0x00000004   Data   RW          247    .data               cardreader.o
    0x400000fc   0x00000016   Data   RW          268    .data               miscfunctions.o
    0x40000112   0x00000003   Data   RW          287    .data               app.o
    0x40000115   0x00000007   Data   RW          310    .data               meter.o
    0x4000011c   0x00000016   Zero   RW           34    .bss                global.o
    0x40000132   0x00003c00   Zero   RW          115    .bss                uart.o
    0x40003d32   0x00001420   Zero   RW          138    .bss                dataflash.o
    0x40005152   0x00000080   Zero   RW          200    .bss                extint.o
    0x400051d2   0x000026b0   Zero   RW          267    .bss                miscfunctions.o
    0x40007882   0x00000002   PAD
    0x40007884   0x00000060   Zero   RW          400    .bss                libspace.o(c_t.l)
    0x400078e4   0x00000004   PAD
    0x400078e8   0x00000000   Zero   RW            2    HEAP                startup.o
    0x400078e8   0x00000488   Zero   RW            1    STACK               startup.o


==============================================================================

Image component sizes


      Code (inc. data)   RO Data    RW Data    ZI Data      Debug   Object Name

      2228        224          0          3          0       1471   app.o
       416         52          0          4          0        707   cardreader.o
      3484         20          0          1       5152       7097   dataflash.o
       524         24          0          8        128       1425   extint.o
       176          8          2        104         22       3382   global.o
       400          4          0          0          0       3595   irq.o
      6104        200         16         25          0       4908   keypad.o
      3276         40         72          0          0       6894   lcd.o
      2824         96          0          7          0       3253   meter.o
     16632       1588          0         22       9904      13451   miscfunctions.o
       308         12          0          0          0       1369   spi.o
       344         68          0          0       1160        508   startup.o
      2336        104          0         19          0       4780   timer.o
      2244         68          0         16      15360       3414   uart.o
       180          8          0          4          0       1495   wdt.o

    ----------------------------------------------------------------------
     41476       2516        124        220      31728      57749   Object Totals
         0          0         32          0          0          0   (incl. Generated)
         0          0          2          7          2          3   (incl. Padding)

    ----------------------------------------------------------------------

      Code (inc. data)   RO Data    RW Data    ZI Data      Debug   Library Member Name

         8          0          0          0          0         68   __main.o
        60          8          0          0          0          0   __scatter.o
        40          0          0          0          0          0   __scatter_copy.o
        44          0          0          0          0          0   __scatter_zi.o
       412          0          0          0          0        148   aeabi_sdiv.o
        12          0          0          0          0         60   exit.o
         8          0          0          0          0         68   fpinit.o
         6          0          0          0          0        132   heapauxi.o
        14          0          0          0          0          0   libinit.o
        12          0          0          0          0          0   libinit2.o
        12          0          0          0          0          0   libshutdown.o
         6          0          0          0          0          0   libshutdown2.o
        12          4          0          0         96         68   libspace.o
        64          0          0          0          0         68   rt_memclr.o
        84          0          0          0          0         76   rt_memclr_w.o
         0          0          0          0          0          0   rtentry.o
        44          4          0          0          0          0   rtentry2.o
         8          0          0          0          0          0   rtentry4.o
         4          0          0          0          0          0   rtexit.o
         8          0          0          0          0          0   rtexit2.o
       160          4          0          0          0         76   strcmp.o
        88          6          0          0          0         76   strcpy.o
        76          4          0          0          0         76   strlen.o
       112          4          0          0          0         80   strncpy.o
        24          8          0          0          0         68   sys_exit.o
        96          0          0          0          0         80   sys_stackheap_outer.o
         4          0          0          0          0         68   use_no_semi.o

    ----------------------------------------------------------------------
      1424         42          0          0        100       1212   Library Totals
         6          0          0          0          4          0   (incl. Padding)

    ----------------------------------------------------------------------

      Code (inc. data)   RO Data    RW Data    ZI Data      Debug   Library Name

      1410         42          0          0         96       1144   c_t.l
         8          0          0          0          0         68   fz_ts.l

    ----------------------------------------------------------------------
      1424         42          0          0        100       1212   Library Totals

    ----------------------------------------------------------------------

==============================================================================


      Code (inc. data)   RO Data    RW Data    ZI Data      Debug   

     42900       2558        124        220      31828      57188   Grand Totals
     42900       2558        124        220      31828      57188   ELF Image Totals
     42900       2558        124        220          0          0   ROM Totals

==============================================================================

    Total RO  Size (Code + RO Data)                43024 (  42.02kB)
    Total RW  Size (RW Data + ZI Data)             32048 (  31.30kB)
    Total ROM Size (Code + RO Data + RW Data)      43244 (  42.23kB)

==============================================================================

